
> pixel-portfolio@1.0.0 build
> vite build && esbuild server/index.ts --platform=node --packages=external --bundle --format=esm --outdir=dist

node.exe : [31mfailed to load config from C
:\Users\asus\Desktop\pixel-portfolio\vite.co
nfig.ts[39m
所在位置 行:1 字符: 1
+ & "C:\Program Files\nodejs/node.exe" "C:\P
rogram Files\nodejs/node_mo ...
+ ~~~~~~~~~~~~~~~~~~~~~~~~~~~~~~~~~~~~~~~~~~
~~~~~~~~~~~~~~~~~~~~~~~~~~~
    + CategoryInfo          : NotSpecified: 
    ([31mfailed to ....config.ts[39m:Str  
  ing) [], RemoteException
    + FullyQualifiedErrorId : NativeCommand 
   Error
 
[31merror during build:
Error [ERR_MODULE_NOT_FOUND]: Cannot find pa
ckage '@tailwindcss/vite' imported from C:\U
sers\asus\Desktop\pixel-portfolio\node_modul
es\.vite-temp\vite.config.ts.timestamp-17732
30765169-3c7e2ab25022f.mjs
    at Object.getPackageJSONURL (node:intern
al/modules/package_json_reader:316:9)
    at packageResolve (node:internal/modules
/esm/resolve:768:81)
    at moduleResolve (node:internal/modules/
esm/resolve:858:18)
    at defaultResolve (node:internal/modules
/esm/resolve:990:11)
    at #cachedDefaultResolve (node:internal/
modules/esm/loader:737:20)
    at ModuleLoader.resolve (node:internal/m
odules/esm/loader:714:38)
    at ModuleLoader.getModuleJobForImport (n
ode:internal/modules/esm/loader:293:38)
    at #link (node:internal/modules/esm/modu
le_job:208:49)[39m
