
> pixel-portfolio@1.0.0 build
> vite build && esbuild server/index.ts --platform=node --packages=external --bundle --format=esm --outdir=dist

node.exe : [31mfailed to load config from C:\Users\asus
\Desktop\pixel-portfolio\vite.config.ts[39m
所在位置 行:1 字符: 1
+ & "C:\Program Files\nodejs/node.exe" "C:\Program Files
\nodejs/node_mo ...
+ ~~~~~~~~~~~~~~~~~~~~~~~~~~~~~~~~~~~~~~~~~~~~~~~~~~~~~~
~~~~~~~~~~~~~~~
    + CategoryInfo          : NotSpecified: ([31mfaile 
   d to ....config.ts[39m:String) [], RemoteException
    + FullyQualifiedErrorId : NativeCommandError
 
[31merror during build:
Error [ERR_MODULE_NOT_FOUND]: Cannot find package '@buil
der.io/vite-plugin-jsx-loc' imported from C:\Users\asus\
Desktop\pixel-portfolio\node_modules\.vite-temp\vite.con
fig.ts.timestamp-1773230435516-b94bf607268d7.mjs
    at Object.getPackageJSONURL (node:internal/modules/p
ackage_json_reader:316:9)
    at packageResolve (node:internal/modules/esm/resolve
:768:81)
    at moduleResolve (node:internal/modules/esm/resolve:
858:18)
    at defaultResolve (node:internal/modules/esm/resolve
:990:11)
    at #cachedDefaultResolve (node:internal/modules/esm/
loader:737:20)
    at ModuleLoader.resolve (node:internal/modules/esm/l
oader:714:38)
    at ModuleLoader.getModuleJobForImport (node:internal
/modules/esm/loader:293:38)
    at #link (node:internal/modules/esm/module_job:208:4
9)[39m
