
> pixel-portfolio@1.0.0 build
> vite build && esbuild server/index.ts --platform=node --packages=external --bundle --format=esm --outdir=dist

[36mvite v7.3.1 [32mbuilding client environment for production...[36m[39m
node.exe : [33m[1m(!) %VITE_ANALY
TICS_ENDPOINT% is not defined in en
v variables found in /index.html. I
s the variable mistyped?[22m[39m
所在位置 行:1 字符: 1
+ & "C:\Program Files\nodejs/node.e
xe" "C:\Program Files\nodejs/node_m
o ...
+ ~~~~~~~~~~~~~~~~~~~~~~~~~~~~~~~~~
~~~~~~~~~~~~~~~~~~~~~~~~~~~~~~~~~~~
~
    + CategoryInfo          : NotS 
   pecified: ([33m[1m(!) %V...y  
  ped?[22m[39m:String) [], Rem   
 oteException
    + FullyQualifiedErrorId : Nati 
   veCommandError
 
[33m[1m(!) %VITE_ANALYTICS_WEBSIT
E_ID% is not defined in env variabl
es found in /index.html. Is the var
iable mistyped?[22m[39m
transforming...
[32m鉁?[39m 1666 modules transformed.
rendering chunks...
computing gzip size...
[2m../dist/public/[22m[32mindex.html                 [39m[1m[2m367.69 kB[22m[1m[22m[2m 鈹?gzip: 105.59 kB[22m
[2m../dist/public/[22m[35massets/index-BJQxlj2O.css  [39m[1m[2m142.91 kB[22m[1m[22m[2m 鈹?gzip:  22.73 kB[22m
[2m../dist/public/[22m[36massets/index-DFZNCKHg.js   [39m[1m[2m452.99 kB[22m[1m[22m[2m 鈹?gzip: 140.35 kB[22m
[32m鉁?built in 3.12s[39m

  dist\index.js  788b 

Done in 3ms
